[630674855, 740439910, 740439902, 740438920, 740438902, 740438902, 740411920, 740331920, 641001919, 640328901]