[736230464, 847341575, 841219923, 837219871, 836341473, 836341465, 836341465, 836339813, 836309160, 760108812]