[788887926, 899999037, 899999037, 899999037, 899999037, 899999037, 899998668, 899997926, 899997926, 899981261]