[788888868, 899999979, 899999979, 899999979, 899999979, 899999979, 899999979, 899999979, 899999967, 899999202]