[628864977, 739976014, 739976014, 739976011, 739966041, 739966004, 739966004, 739906040, 639966003, 639786114]