[68888897, 80000001, 80000000, 80000000, 80000000, 80000000, 80000000, 80000000, 80000000, 80000000]