[788888889, 900000000, 900000000, 900000000, 900000000, 900000000, 900000000, 900000000, 900000000, 899999991]