[188, 299, 299, 299, 299, 299, 299, 299, 296, 276]