[38546, 49657, 49657, 49657, 49657, 49657, 49652, 49612, 49312, 47312]