[484225, 595336, 595336, 595336, 595336, 595330, 595280, 594880, 591880, 571880]