[343, 689, 389, 349, 344, 343, 343, 343, 343, 343]