[4664, 8121, 5121, 4721, 4671, 4665, 4664, 4664, 4664, 4664]