[58985, 93553, 63553, 59553, 59053, 58993, 58986, 58985, 58985, 58985]