[713306, 1058985, 758985, 718985, 713985, 713385, 713315, 713307, 713306, 713306]