[8367627, 11824417, 8824417, 8424417, 8374417, 8368417, 8367717, 8367637, 8367628, 8367627]