[96021948, 130589849, 100589849, 96589849, 96089849, 96029849, 96022849, 96022049, 96021959, 96021949]