[36787128, 47835795, 47835239, 46897239, 46834732, 39897128, 36827128, 36824684, 36824684, 36824684]