[47714589, 58825700, 58825700, 58824694, 58815699, 58815699, 58393687, 48715699, 48715693, 48353681]