[214738762, 325849873, 305549195, 225849789, 225849763, 225849763, 225849088, 225449088, 215749762, 215447740]