[375415915, 486243916, 486226971, 486142971, 466425971, 386142910, 386142905, 386142905, 376419015, 376132905]