[46738110, 57821375, 57819221, 57811375, 57811371, 57811365, 55839210, 47811210, 46838156, 46810264]