[572188559, 682098470, 673299661, 673299661, 673299661, 673299661, 673299661, 592097279, 572998188, 572197369]