[781729262, 892840373, 892840366, 892840285, 892839585, 892839262, 892813585, 892733585, 892403585, 872077908]