[119309084, 187644141, 130338087, 130310141, 130309191, 127533131, 120309184, 119533130, 119309184, 119309130]