[102525847, 146303232, 113303206, 105303132, 102636857, 102636857, 102598679, 102525851, 102525847, 102525847]