[168245047, 271360118, 180460118, 168252157, 168251196, 168251196, 168251187, 168251186, 168251186, 168251147]