[358352849, 469453997, 469453997, 469453996, 425163959, 364873922, 358453989, 358363949, 358353986, 358353912]