[272880144, 383968503, 383891203, 332068403, 282068401, 273891145, 273891145, 273887641, 273057392, 272880144]