[271356442, 382465783, 382457483, 328175673, 278175673, 272175673, 271457443, 271375673, 271356673, 271356443]