[503471849, 614539260, 614482960, 608639160, 603639160, 603479160, 537628460, 503471860, 503471860, 503471860]