[708888897, 820000000, 820000000, 820000000, 820000000, 820000000, 820000000, 820000000, 820000000, 720000001]