[176178461, 287289380, 204832190, 177060376, 176288561, 176288561, 176288561, 176252189, 176178475, 176178461]