[579796805, 690902656, 690707876, 680902556, 680902556, 680901816, 680901546, 610706806, 580806806, 580606806]