[232697065, 341808176, 341074198, 242802132, 241063198, 241063198, 241063198, 240997174, 240963187, 240963165]