[105002727, 152913837, 116103976, 112913837, 106103976, 106103976, 105913828, 105103966, 105013788, 105003727]