[294637274, 405748381, 405748381, 385242785, 305742092, 305647280, 305647280, 305141684, 295647280, 295136088]