[523356477, 634465988, 633775988, 633375988, 633357488, 633357481, 587994295, 523357480, 523356887, 523356480]