[56130747, 66483560, 66483558, 66483460, 66483460, 66481758, 66473460, 66431758, 57131055, 56372457]