[129718245, 211324874, 139777115, 139729356, 139727115, 139719355, 139719346, 130966823, 129718246, 129718245]