[440029966, 551141077, 551141077, 551141077, 551117940, 507994804, 441040934, 441036930, 440506894, 440029966]