[775244732, 886155843, 886087543, 886087459, 886087458, 886087458, 886085742, 886077458, 876245020, 856244732]