[56776423, 67255598, 66887433, 66855557, 66787423, 66787423, 66785555, 66777423, 58144687, 56776423]