[429904664, 541008123, 540917471, 540117071, 533117021, 473117013, 429904665, 429904665, 429904664, 429904664]