[711742234, 820752335, 820650301, 820650301, 820650301, 820650301, 820650301, 820650301, 820650301, 721751312]