[707917646, 819028757, 818974523, 818928757, 818924523, 818918523, 818917752, 818917712, 816409178, 716163412]