[774825648, 885936759, 885936759, 885936759, 885936759, 885936549, 885931549, 885791539, 875891449, 855557229]