[758998447, 870103015, 870103015, 870103014, 870103007, 866909490, 859908990, 859101904, 859008447, 815808447]