[724582962, 826494073, 826464073, 826460072, 826459179, 826459179, 826459179, 826459179, 826459172, 734706858]