[788888887, 899999998, 899999998, 899999998, 899999998, 899999998, 899999998, 899999997, 899999988, 899999840]