[621621962, 732733073, 732733070, 732733063, 732689890, 732629890, 732622890, 722078889, 632078816, 622078789]